// Jest Snapshot v1, https://goo.gl/fbAQLP

exports[`HomeLanding component renders the UI as expected 1`] = `
Array [
  <section
    className="page-top-banner homepage-banner"
  >
    <h1
      className=""
    >
      IndieNexus.
      <br />
      <span
        className="bi-line"
      >
        Where artists and fans converge.
      </span>
    </h1>
  </section>,
  <section
    className="homepage-section featured-artist"
  />,
  <section
    className="site-intro-section"
  >
    <p
      className="site-intro-content"
    >
      This is the hub for independent music artists to showcase themselves, gain exposure, and connect with fans. Explore the various genres, or search for artists by name.
    </p>
  </section>,
  <section>
    <div />
  </section>,
]
`;
